cmd.exe : WARNING: A restricted method in java.lang.System has been called
At line:1 char:232
+ ... entlyContinue; cmd.exe /c "mvnw.cmd package -DskipTests" *>&1 | Out-F ...
+                    ~~~~~~~~~~~~~~~~~~~~~~~~~~~~~~~~~~~~~~~~~~~~~~
    + CategoryInfo          : NotSpecified: (WARNING: A rest...has been called:String) [], RemoteException
    + FullyQualifiedErrorId : NativeCommandError
 
WARNING: java.lang.System::load has been called by org.fusesource.jansi.internal.JansiLoader in an unnamed module 
(file:/C:/Users/Christopher/.m2/wrapper/dists/apache-maven-3.9.6-bin/3311e1d4/apache-maven-3.9.6/lib/jansi-2.4.0.jar)
WARNING: Use --enable-native-access=ALL-UNNAMED to avoid a warning for callers in this module
WARNING: Restricted methods will be blocked in a future release unless native access is enabled

WARNING: A terminally deprecated method in sun.misc.Unsafe has been called
WARNING: sun.misc.Unsafe::objectFieldOffset has been called by com.google.common.util.concurrent.AbstractFuture$UnsafeAtomicHelper 
(file:/C:/Users/Christopher/.m2/wrapper/dists/apache-maven-3.9.6-bin/3311e1d4/apache-maven-3.9.6/lib/guava-32.0.1-jre.jar)
WARNING: Please consider reporting this to the maintainers of class com.google.common.util.concurrent.AbstractFuture$UnsafeAtomicHelper
WARNING: sun.misc.Unsafe::objectFieldOffset will be removed in a future release
[INFO] Scanning for projects...
[INFO] 
[INFO] --------------------< com.examapp:exam-invigilator >--------------------
[INFO] Building Exam Invigilator Application 1.0.0
[INFO]   from pom.xml
[INFO] --------------------------------[ jar ]---------------------------------
[INFO] 
[INFO] --- resources:3.3.1:resources (default-resources) @ exam-invigilator ---
[INFO] Copying 1 resource from src\main\resources to target\classes
[INFO] Copying 3 resources from src\main\resources to target\classes
[INFO] 
[INFO] --- compiler:3.14.0:compile (default-compile) @ exam-invigilator ---
[INFO] Recompiling the module because of changed source code.
[INFO] Compiling 48 source files with javac [debug parameters release 25] to target\classes
[INFO] 
[INFO] --- resources:3.3.1:testResources (default-testResources) @ exam-invigilator ---
[INFO] skip non existing resourceDirectory C:\Users\Christopher\OneDrive\Desktop\exam-invigilator-app-repo\backend\src\test\resources
[INFO] 
[INFO] --- compiler:3.14.0:testCompile (default-testCompile) @ exam-invigilator ---
[INFO] No sources to compile
[INFO] 
[INFO] --- surefire:3.5.3:test (default-test) @ exam-invigilator ---
[INFO] Tests are skipped.
[INFO] 
[INFO] --- jar:3.4.2:jar (default-jar) @ exam-invigilator ---
[INFO] Building jar: C:\Users\Christopher\OneDrive\Desktop\exam-invigilator-app-repo\backend\target\exam-invigilator-1.0.0.jar
[INFO] 
[INFO] --- spring-boot:3.5.0:repackage (repackage) @ exam-invigilator ---
[INFO] Replacing main artifact C:\Users\Christopher\OneDrive\Desktop\exam-invigilator-app-repo\backend\target\exam-invigilator-1.0.0.jar with repackaged archive, adding nested dependencies in BOOT-INF/.
[INFO] The original artifact has been renamed to C:\Users\Christopher\OneDrive\Desktop\exam-invigilator-app-repo\backend\target\exam-invigilator-1.0.0.jar.original
[INFO] ------------------------------------------------------------------------
[INFO] BUILD SUCCESS
[INFO] ------------------------------------------------------------------------
[INFO] Total time:  26.495 s
[INFO] Finished at: 2026-03-08T20:52:36+02:00
[INFO] ------------------------------------------------------------------------
